// Jest Snapshot v1, https://goo.gl/fbAQLP

exports[`<Promotions /> renders correctly 1`] = `
<View
  style={
    Object {
      "flexDirection": "column",
      "flexWrap": "wrap",
    }
  }
>
  <RCTScrollView
    data={
      Array [
        "promotion 1",
        "promotion 2",
      ]
    }
    disableVirtualization={false}
    getItem={[Function]}
    getItemCount={[Function]}
    horizontal={false}
    initialNumToRender={10}
    keyExtractor={[Function]}
    maxToRenderPerBatch={10}
    onContentSizeChange={[Function]}
    onEndReachedThreshold={2}
    onLayout={[Function]}
    onMomentumScrollEnd={[Function]}
    onScroll={[Function]}
    onScrollBeginDrag={[Function]}
    onScrollEndDrag={[Function]}
    removeClippedSubviews={false}
    renderItem={[Function]}
    scrollEventThrottle={50}
    stickyHeaderIndices={Array []}
    updateCellsBatchingPeriod={50}
    viewabilityConfigCallbackPairs={Array []}
    windowSize={21}
  >
    <View>
      <View
        onLayout={[Function]}
        style={null}
      >
        <Text
          style={
            Object {
              "backgroundColor": "#F7403A",
              "borderRadius": 20,
              "color": "#FFFFFF",
              "paddingHorizontal": 4,
              "paddingVertical": 2,
            }
          }
        >
          promotion 1
        </Text>
      </View>
      <View
        onLayout={[Function]}
        style={null}
      >
        <Text
          style={
            Object {
              "backgroundColor": "#F7403A",
              "borderRadius": 20,
              "color": "#FFFFFF",
              "paddingHorizontal": 4,
              "paddingVertical": 2,
            }
          }
        >
          promotion 2
        </Text>
      </View>
    </View>
  </RCTScrollView>
</View>
`;
