// Jest Snapshot v1, https://goo.gl/fbAQLP

exports[`<ProductList /> renders correctly 1`] = `
<View>
  <View
    style={
      Object {
        "display": "flex",
        "flexWrap": "wrap",
        "justifyContent": "flex-start",
        "marginLeft": 8,
        "marginRight": 8,
      }
    }
  >
    <RCTScrollView
      data={
        Array [
          Object {
            "id": "1",
            "images": Array [],
            "name": "Fake Product 1",
            "price": 20,
            "promotions": Array [],
            "rating": 1,
            "review_count": 30,
            "stock_status": "INSTOCK",
          },
          Object {
            "id": "2",
            "images": Array [],
            "name": "Fake Product 2",
            "price": 20,
            "promotions": Array [],
            "rating": 1,
            "review_count": 30,
            "stock_status": "OUTOFSTOCK",
          },
          Object {
            "id": "3",
            "images": Array [],
            "name": "Fake Product 3",
            "price": 20,
            "promotions": Array [],
            "rating": 1,
            "review_count": 30,
            "stock_status": "LOWSTOCK",
          },
        ]
      }
      disableVirtualization={false}
      getItem={[Function]}
      getItemCount={[Function]}
      horizontal={false}
      initialNumToRender={25}
      keyExtractor={[Function]}
      maxToRenderPerBatch={25}
      onContentSizeChange={[Function]}
      onEndReachedThreshold={2}
      onLayout={[Function]}
      onMomentumScrollEnd={[Function]}
      onScroll={[Function]}
      onScrollBeginDrag={[Function]}
      onScrollEndDrag={[Function]}
      removeClippedSubviews={false}
      renderItem={[Function]}
      scrollEventThrottle={50}
      stickyHeaderIndices={Array []}
      updateCellsBatchingPeriod={50}
      viewabilityConfigCallbackPairs={Array []}
      windowSize={21}
    >
      <View>
        <View
          onLayout={[Function]}
          style={null}
        >
          <View
            style={
              Object {
                "flexDirection": "row",
              }
            }
          >
            <View
              style={
                Object {
                  "padding": 3,
                  "width": "50%",
                }
              }
            >
              <View
                accessible={true}
                focusable={true}
                onClick={[Function]}
                onResponderGrant={[Function]}
                onResponderMove={[Function]}
                onResponderRelease={[Function]}
                onResponderTerminate={[Function]}
                onResponderTerminationRequest={[Function]}
                onStartShouldSetResponder={[Function]}
                style={
                  Object {
                    "opacity": 1,
                  }
                }
              >
                <View
                  style={
                    Array [
                      Object {
                        "backgroundColor": "#FFFFFF",
                        "borderColor": "#CECECE",
                        "borderWidth": 1,
                        "minHeight": 300,
                        "padding": 4,
                      },
                      undefined,
                    ]
                  }
                >
                  <View>
                    <View
                      style={
                        Object {
                          "position": "relative",
                        }
                      }
                    >
                      <Image
                        source={
                          Object {
                            "uri": "https://images.hollandandbarrettimages.co.uk/productimages/HB/180/1_A.jpg",
                          }
                        }
                        style={
                          Array [
                            Object {
                              "height": 180,
                              "width": "100%",
                            },
                            Object {
                              "height": 180,
                            },
                          ]
                        }
                      />
                    </View>
                  </View>
                  <View
                    style={
                      Object {
                        "padding": 4,
                      }
                    }
                  >
                    <Text
                      style={
                        Array [
                          Object {
                            "marginBottom": 8,
                          },
                          Object {
                            "fontWeight": "bold",
                          },
                          Object {
                            "fontSize": 14,
                          },
                        ]
                      }
                    >
                      Fake Product 1
                    </Text>
                  </View>
                </View>
              </View>
            </View>
            <View
              style={
                Object {
                  "padding": 3,
                  "width": "50%",
                }
              }
            >
              <View
                accessible={true}
                focusable={true}
                onClick={[Function]}
                onResponderGrant={[Function]}
                onResponderMove={[Function]}
                onResponderRelease={[Function]}
                onResponderTerminate={[Function]}
                onResponderTerminationRequest={[Function]}
                onStartShouldSetResponder={[Function]}
                style={
                  Object {
                    "opacity": 1,
                  }
                }
              >
                <View
                  style={
                    Array [
                      Object {
                        "backgroundColor": "#FFFFFF",
                        "borderColor": "#CECECE",
                        "borderWidth": 1,
                        "minHeight": 300,
                        "padding": 4,
                      },
                      undefined,
                    ]
                  }
                >
                  <View>
                    <View
                      style={
                        Object {
                          "position": "relative",
                        }
                      }
                    >
                      <Image
                        source={
                          Object {
                            "uri": "https://images.hollandandbarrettimages.co.uk/productimages/HB/180/2_A.jpg",
                          }
                        }
                        style={
                          Array [
                            Object {
                              "height": 180,
                              "width": "100%",
                            },
                            Object {
                              "height": 180,
                            },
                          ]
                        }
                      />
                    </View>
                  </View>
                  <View
                    style={
                      Object {
                        "padding": 4,
                      }
                    }
                  >
                    <Text
                      style={
                        Array [
                          Object {
                            "marginBottom": 8,
                          },
                          Object {
                            "fontWeight": "bold",
                          },
                          Object {
                            "fontSize": 14,
                          },
                        ]
                      }
                    >
                      Fake Product 2
                    </Text>
                  </View>
                </View>
              </View>
            </View>
          </View>
        </View>
        <View
          onLayout={[Function]}
          style={null}
        >
          <View
            style={
              Object {
                "flexDirection": "row",
              }
            }
          >
            <View
              style={
                Object {
                  "padding": 3,
                  "width": "50%",
                }
              }
            >
              <View
                accessible={true}
                focusable={true}
                onClick={[Function]}
                onResponderGrant={[Function]}
                onResponderMove={[Function]}
                onResponderRelease={[Function]}
                onResponderTerminate={[Function]}
                onResponderTerminationRequest={[Function]}
                onStartShouldSetResponder={[Function]}
                style={
                  Object {
                    "opacity": 1,
                  }
                }
              >
                <View
                  style={
                    Array [
                      Object {
                        "backgroundColor": "#FFFFFF",
                        "borderColor": "#CECECE",
                        "borderWidth": 1,
                        "minHeight": 300,
                        "padding": 4,
                      },
                      undefined,
                    ]
                  }
                >
                  <View>
                    <View
                      style={
                        Object {
                          "position": "relative",
                        }
                      }
                    >
                      <Image
                        source={
                          Object {
                            "uri": "https://images.hollandandbarrettimages.co.uk/productimages/HB/180/3_A.jpg",
                          }
                        }
                        style={
                          Array [
                            Object {
                              "height": 180,
                              "width": "100%",
                            },
                            Object {
                              "height": 180,
                            },
                          ]
                        }
                      />
                    </View>
                  </View>
                  <View
                    style={
                      Object {
                        "padding": 4,
                      }
                    }
                  >
                    <Text
                      style={
                        Array [
                          Object {
                            "marginBottom": 8,
                          },
                          Object {
                            "fontWeight": "bold",
                          },
                          Object {
                            "fontSize": 14,
                          },
                        ]
                      }
                    >
                      Fake Product 3
                    </Text>
                  </View>
                </View>
              </View>
            </View>
          </View>
        </View>
      </View>
    </RCTScrollView>
  </View>
</View>
`;
